[debug] [2025-07-05T13:41:42.952Z] ----------------------------------------------------------------------
[debug] [2025-07-05T13:41:42.954Z] Command:       C:\Program Files\nodejs\node.exe C:\Users\strug\AppData\Roaming\npm\node_modules\firebase-tools\lib\bin\firebase.js init functions
[debug] [2025-07-05T13:41:42.955Z] CLI Version:   13.29.1
[debug] [2025-07-05T13:41:42.955Z] Platform:      win32
[debug] [2025-07-05T13:41:42.955Z] Node Version:  v20.11.1
[debug] [2025-07-05T13:41:42.955Z] Time:          Sat Jul 05 2025 15:41:42 GMT+0200 (czas środkowoeuropejski letni)
[debug] [2025-07-05T13:41:42.955Z] ----------------------------------------------------------------------
[debug] 
[debug] [2025-07-05T13:41:42.958Z] >>> [apiv2][query] GET https://firebase-public.firebaseio.com/cli.json [none]
[debug] [2025-07-05T13:41:43.052Z] > command requires scopes: ["email","openid","https://www.googleapis.com/auth/cloudplatformprojects.readonly","https://www.googleapis.com/auth/firebase","https://www.googleapis.com/auth/cloud-platform"]
[debug] [2025-07-05T13:41:43.053Z] > authorizing via signed-in user (jestemjakubek@gmail.com)
[info] 
     ######## #### ########  ######## ########     ###     ######  ########
     ##        ##  ##     ## ##       ##     ##  ##   ##  ##       ##
     ######    ##  ########  ######   ########  #########  ######  ######
     ##        ##  ##    ##  ##       ##     ## ##     ##       ## ##
     ##       #### ##     ## ######## ########  ##     ##  ######  ########

You're about to initialize a Firebase project in this directory:

  D:\Projects\Rusty\RustyApp

Before we get started, keep in mind:

  * You are initializing within an existing Firebase project directory

[debug] [2025-07-05T13:41:43.474Z] <<< [apiv2][status] GET https://firebase-public.firebaseio.com/cli.json 200
[debug] [2025-07-05T13:41:43.474Z] <<< [apiv2][body] GET https://firebase-public.firebaseio.com/cli.json {"cloudBuildErrorAfter":1594252800000,"cloudBuildWarnAfter":1590019200000,"defaultNode10After":1594252800000,"minVersion":"3.0.5","node8DeploysDisabledAfter":1613390400000,"node8RuntimeDisabledAfter":1615809600000,"node8WarnAfter":1600128000000}
